<html>
<body>
<pre>
<h1>µVision Build Log</h1>
<h2>Tool Versions:</h2>
IDE-Version: µVision V5.31.0.0
Copyright (C) 2020 ARM Ltd and ARM Germany GmbH. All rights reserved.
License Information: Manuel Schmid, ZHAW, LIC=Q7GUH-FVJV4-BEC7P-59LL0-GT95F-MX3I8
 
Tool Versions:
Toolchain:       MDK-ARM Professional  Version: 5.31.0.0
Toolchain Path:  C:\Keil_v5\ARM\ARMCC\Bin
C Compiler:      Armcc.exe V5.06 update 6 (build 750)
Assembler:       Armasm.exe V5.06 update 6 (build 750)
Linker/Locator:  ArmLink.exe V5.06 update 6 (build 750)
Library Manager: ArmAr.exe V5.06 update 6 (build 750)
Hex Converter:   FromElf.exe V5.06 update 6 (build 750)
CPU DLL:         SARMCM3.DLL V5.31.0.0
Dialog DLL:      DCM.DLL V1.17.3.0
Target DLL:      STLink\ST-LINKIII-KEIL_SWO.dll V3.0.7.0
Dialog DLL:      TCM.DLL V1.46.0.0
 
<h2>Project:</h2>
C:\Users\Manuel\Documents\GitHub\MC1_Labs\P_11_RTOS\code\P_Cooperative\Cooperative.uvprojx
Project File Date:  12/01/2020

<h2>Output:</h2>
*** Using Compiler 'V5.06 update 6 (build 750)', folder: 'C:\Keil_v5\ARM\ARMCC\Bin'
Rebuild Project 'Cooperative' - Target 'Target 1'
assembling datainit_ctboard.s...
assembling startup_ctboard.s...
compiling retarget_io.c...
compiling main.c...
compiling RTX_Conf_CM.c...
compiling uart.c...
compiling system_ctboard.c...
compiling threads_cooperative.c...
compiling hal_fmc.c...
compiling hal_gpio.c...
compiling hal_pwr.c...
compiling hal_rcc.c...
linking...
Program Size: Code=7292 RO-data=564 RW-data=60 ZI-data=10516  
".\Objects\Cooperative.axf" - 0 Error(s), 0 Warning(s).

<h2>Software Packages used:</h2>

Package Vendor: ARM
                http://www.keil.com/pack/ARM.CMSIS.5.7.0.pack
                ARM.CMSIS.5.7.0
                CMSIS (Cortex Microcontroller Software Interface Standard)
   * Component: RTOS Version: 1.0.0
   * Component: Keil RTX Version: 4.82.0

Package Vendor: InES
                https://ennis.zhaw.ch/pack/InES.CTBoard14_DFP.4.0.2.pack
                InES.CTBoard14_DFP.4.0.2
                CT Board 14 (STM32F429ZI) Device Support
   * Component: Startup Version: 4.0.1
   * Component: FMC Version: 3.0.1
   * Component: GPIO Version: 4.0.1
   * Component: PWR Version: 2.2.0
   * Component: RCC Version: 4.0.1

Package Vendor: Keil
                http://www.keil.com/pack/Keil.ARM_Compiler.1.6.3.pack
                Keil.ARM_Compiler.1.6.3
                Keil ARM Compiler extensions for ARM Compiler 5 and ARM Compiler 6
   * Component: STDOUT Variant: User Version: 1.2.0

<h2>Collection of Component include folders:</h2>
  .\RTE\_Target_1
  C:\Users\Manuel\AppData\Local\Arm\Packs\ARM\CMSIS\5.7.0\CMSIS\RTOS\RTX\INC
  C:\Users\Manuel\AppData\Local\Arm\Packs\InES\CTBoard14_DFP\4.0.2\Device\Include
  C:\Users\Manuel\AppData\Local\Arm\Packs\InES\CTBoard14_DFP\4.0.2\Device\Include\m4
  C:\Users\Manuel\AppData\Local\Arm\Packs\InES\CTBoard14_DFP\4.0.2\HAL\Include

<h2>Collection of Component Files used:</h2>

   * Component: ::CMSIS:RTOS:1.0.0 (API)

   * Component: ARM::CMSIS:RTOS:Keil RTX:4.82.0
      Source file:   CMSIS\RTOS\RTX\UserCodeTemplates\main.c
      Include file:  CMSIS\RTOS\RTX\INC\cmsis_os.h
      Source file:   CMSIS\RTOS\RTX\UserCodeTemplates\MailQueue.c
      Source file:   CMSIS\RTOS\RTX\UserCodeTemplates\MsgQueue.c
      Source file:   CMSIS\RTOS\RTX\UserCodeTemplates\Semaphore.c
      Source file:   CMSIS\RTOS\RTX\UserCodeTemplates\MemPool.c
      Source file:   CMSIS\RTOS\RTX\UserCodeTemplates\Thread.c
      Source file:   CMSIS\RTOS\RTX\Templates\RTX_Conf_CM.c
      Include file:  CMSIS\RTOS\RTX\UserCodeTemplates\osObjects.h
      Source file:   CMSIS\RTOS\RTX\UserCodeTemplates\Mutex.c
      Source file:   CMSIS\RTOS\RTX\UserCodeTemplates\Timer.c
      Source file:   CMSIS\RTOS\RTX\SRC\ARM\SVC_Table.s
      Library file:  CMSIS\RTOS\RTX\LIB\ARM\RTX_CM4.lib

   * Component: InES::Device:Startup:4.0.1
      Include file:  Device\Include\m4\platform_ctboard.h
      Source file:   Device\Source\startup_ctboard.s
      Include file:  Device\Include\reg_ctboard.h
      Include file:  Device\Include\reg_stm32f4xx.h
      Include file:  Device\Include\system_ctboard.h
      Source file:   Device\Source\datainit_ctboard.s
      Source file:   Device\Source\system_ctboard.c

   * Component: InES::HAL:FMC:3.0.1
      Source file:   HAL\Source\hal_fmc.c
      Include file:  HAL\Include\hal_common.h
      Include file:  Device\Include\reg_stm32f4xx.h
      Include file:  HAL\Include\hal_fmc.h

   * Component: InES::HAL:GPIO:4.0.1
      Include file:  Device\Include\reg_stm32f4xx.h
      Include file:  HAL\Include\hal_common.h
      Source file:   HAL\Source\hal_gpio.c
      Include file:  HAL\Include\hal_gpio.h

   * Component: InES::HAL:PWR:2.2.0
      Include file:  HAL\Include\hal_common.h
      Include file:  HAL\Include\hal_pwr.h
      Source file:   HAL\Source\hal_pwr.c
      Include file:  Device\Include\reg_stm32f4xx.h

   * Component: InES::HAL:RCC:4.0.1
      Source file:   HAL\Source\hal_rcc.c
      Include file:  HAL\Include\hal_common.h
      Include file:  HAL\Include\hal_rcc.h
      Include file:  Device\Include\reg_stm32f4xx.h

   * Component: Keil.ARM Compiler::Compiler:I/O:STDOUT:User:1.2.0
      Source file:   Template\stdout_display.c
      Source file:   Template\stdout_user.c
      Source file:   Source\retarget_io.c
      Source file:   Template\stdout_USART.c
Build Time Elapsed:  00:00:01
</pre>
</body>
</html>
